// Jest Snapshot v1, https://goo.gl/fbAQLP

exports[`ProfilePage Should render a Reporting A Sighting button that matches snapshot 1`] = `
<div>
  Fetching data...
</div>
`;
